Rental Record for Martin Pauler
	15.0(Star Wars V : The empire strikes back)
Amount owed is 15.0
You earned 2 frequent renter pointers