Rental Record for Sangjeong Jo
	6.5(Jurassic Park)
	3.0(Pororo : The president of children)
	9.0(Orange is the new black)
Amount owed is 18.5
You earned 4 frequent renter pointers